// Jest Snapshot v1, https://goo.gl/fbAQLP

exports[`Snapshot Tests 1`] = `
Object {
  "Resources": Object {
    "VpcStandardB3B9526E": Object {
      "Properties": Object {
        "CidrBlock": "172.16.0.0/16",
        "EnableDnsHostnames": true,
        "EnableDnsSupport": true,
        "InstanceTenancy": "default",
        "Tags": Array [
          Object {
            "Key": "Name",
            "Value": "VpcStack/VpcStandard",
          },
        ],
      },
      "Type": "AWS::EC2::VPC",
    },
    "VpcStandardIGWDB693EAA": Object {
      "Properties": Object {
        "Tags": Array [
          Object {
            "Key": "Name",
            "Value": "VpcStack/VpcStandard",
          },
        ],
      },
      "Type": "AWS::EC2::InternetGateway",
    },
    "VpcStandardVPCGWB9B62BE0": Object {
      "Properties": Object {
        "InternetGatewayId": Object {
          "Ref": "VpcStandardIGWDB693EAA",
        },
        "VpcId": Object {
          "Ref": "VpcStandardB3B9526E",
        },
      },
      "Type": "AWS::EC2::VPCGatewayAttachment",
    },
    "VpcStandardprivateSubnet1DefaultRoute55C8A667": Object {
      "Properties": Object {
        "DestinationCidrBlock": "0.0.0.0/0",
        "NatGatewayId": Object {
          "Ref": "VpcStandardpublicSubnet1NATGateway564B2D77",
        },
        "RouteTableId": Object {
          "Ref": "VpcStandardprivateSubnet1RouteTable84D78A4C",
        },
      },
      "Type": "AWS::EC2::Route",
    },
    "VpcStandardprivateSubnet1RouteTable84D78A4C": Object {
      "Properties": Object {
        "Tags": Array [
          Object {
            "Key": "Name",
            "Value": "VpcStack/VpcStandard/privateSubnet1",
          },
        ],
        "VpcId": Object {
          "Ref": "VpcStandardB3B9526E",
        },
      },
      "Type": "AWS::EC2::RouteTable",
    },
    "VpcStandardprivateSubnet1RouteTableAssociation831FB396": Object {
      "Properties": Object {
        "RouteTableId": Object {
          "Ref": "VpcStandardprivateSubnet1RouteTable84D78A4C",
        },
        "SubnetId": Object {
          "Ref": "VpcStandardprivateSubnet1Subnet94A66483",
        },
      },
      "Type": "AWS::EC2::SubnetRouteTableAssociation",
    },
    "VpcStandardprivateSubnet1Subnet94A66483": Object {
      "Properties": Object {
        "AvailabilityZone": Object {
          "Fn::Select": Array [
            0,
            Object {
              "Fn::GetAZs": "",
            },
          ],
        },
        "CidrBlock": "172.16.2.0/24",
        "MapPublicIpOnLaunch": false,
        "Tags": Array [
          Object {
            "Key": "Name",
            "Value": "VpcStack/VpcStandard/privateSubnet1",
          },
          Object {
            "Key": "aws-cdk:subnet-name",
            "Value": "private",
          },
          Object {
            "Key": "aws-cdk:subnet-type",
            "Value": "Private",
          },
        ],
        "VpcId": Object {
          "Ref": "VpcStandardB3B9526E",
        },
      },
      "Type": "AWS::EC2::Subnet",
    },
    "VpcStandardprivateSubnet2DefaultRoute379F4F4F": Object {
      "Properties": Object {
        "DestinationCidrBlock": "0.0.0.0/0",
        "NatGatewayId": Object {
          "Ref": "VpcStandardpublicSubnet2NATGateway6EC1566C",
        },
        "RouteTableId": Object {
          "Ref": "VpcStandardprivateSubnet2RouteTable143AFB99",
        },
      },
      "Type": "AWS::EC2::Route",
    },
    "VpcStandardprivateSubnet2RouteTable143AFB99": Object {
      "Properties": Object {
        "Tags": Array [
          Object {
            "Key": "Name",
            "Value": "VpcStack/VpcStandard/privateSubnet2",
          },
        ],
        "VpcId": Object {
          "Ref": "VpcStandardB3B9526E",
        },
      },
      "Type": "AWS::EC2::RouteTable",
    },
    "VpcStandardprivateSubnet2RouteTableAssociationD13F88B1": Object {
      "Properties": Object {
        "RouteTableId": Object {
          "Ref": "VpcStandardprivateSubnet2RouteTable143AFB99",
        },
        "SubnetId": Object {
          "Ref": "VpcStandardprivateSubnet2Subnet6050B502",
        },
      },
      "Type": "AWS::EC2::SubnetRouteTableAssociation",
    },
    "VpcStandardprivateSubnet2Subnet6050B502": Object {
      "Properties": Object {
        "AvailabilityZone": Object {
          "Fn::Select": Array [
            1,
            Object {
              "Fn::GetAZs": "",
            },
          ],
        },
        "CidrBlock": "172.16.3.0/24",
        "MapPublicIpOnLaunch": false,
        "Tags": Array [
          Object {
            "Key": "Name",
            "Value": "VpcStack/VpcStandard/privateSubnet2",
          },
          Object {
            "Key": "aws-cdk:subnet-name",
            "Value": "private",
          },
          Object {
            "Key": "aws-cdk:subnet-type",
            "Value": "Private",
          },
        ],
        "VpcId": Object {
          "Ref": "VpcStandardB3B9526E",
        },
      },
      "Type": "AWS::EC2::Subnet",
    },
    "VpcStandardpublicSubnet1DefaultRoute52E212C1": Object {
      "DependsOn": Array [
        "VpcStandardVPCGWB9B62BE0",
      ],
      "Properties": Object {
        "DestinationCidrBlock": "0.0.0.0/0",
        "GatewayId": Object {
          "Ref": "VpcStandardIGWDB693EAA",
        },
        "RouteTableId": Object {
          "Ref": "VpcStandardpublicSubnet1RouteTable9F5AF121",
        },
      },
      "Type": "AWS::EC2::Route",
    },
    "VpcStandardpublicSubnet1EIP2999EF60": Object {
      "Properties": Object {
        "Domain": "vpc",
        "Tags": Array [
          Object {
            "Key": "Name",
            "Value": "VpcStack/VpcStandard/publicSubnet1",
          },
        ],
      },
      "Type": "AWS::EC2::EIP",
    },
    "VpcStandardpublicSubnet1NATGateway564B2D77": Object {
      "Properties": Object {
        "AllocationId": Object {
          "Fn::GetAtt": Array [
            "VpcStandardpublicSubnet1EIP2999EF60",
            "AllocationId",
          ],
        },
        "SubnetId": Object {
          "Ref": "VpcStandardpublicSubnet1Subnet65900542",
        },
        "Tags": Array [
          Object {
            "Key": "Name",
            "Value": "VpcStack/VpcStandard/publicSubnet1",
          },
        ],
      },
      "Type": "AWS::EC2::NatGateway",
    },
    "VpcStandardpublicSubnet1RouteTable9F5AF121": Object {
      "Properties": Object {
        "Tags": Array [
          Object {
            "Key": "Name",
            "Value": "VpcStack/VpcStandard/publicSubnet1",
          },
        ],
        "VpcId": Object {
          "Ref": "VpcStandardB3B9526E",
        },
      },
      "Type": "AWS::EC2::RouteTable",
    },
    "VpcStandardpublicSubnet1RouteTableAssociation7669FDDF": Object {
      "Properties": Object {
        "RouteTableId": Object {
          "Ref": "VpcStandardpublicSubnet1RouteTable9F5AF121",
        },
        "SubnetId": Object {
          "Ref": "VpcStandardpublicSubnet1Subnet65900542",
        },
      },
      "Type": "AWS::EC2::SubnetRouteTableAssociation",
    },
    "VpcStandardpublicSubnet1Subnet65900542": Object {
      "Properties": Object {
        "AvailabilityZone": Object {
          "Fn::Select": Array [
            0,
            Object {
              "Fn::GetAZs": "",
            },
          ],
        },
        "CidrBlock": "172.16.0.0/24",
        "MapPublicIpOnLaunch": true,
        "Tags": Array [
          Object {
            "Key": "Name",
            "Value": "VpcStack/VpcStandard/publicSubnet1",
          },
          Object {
            "Key": "aws-cdk:subnet-name",
            "Value": "public",
          },
          Object {
            "Key": "aws-cdk:subnet-type",
            "Value": "Public",
          },
        ],
        "VpcId": Object {
          "Ref": "VpcStandardB3B9526E",
        },
      },
      "Type": "AWS::EC2::Subnet",
    },
    "VpcStandardpublicSubnet2DefaultRoute8B970526": Object {
      "DependsOn": Array [
        "VpcStandardVPCGWB9B62BE0",
      ],
      "Properties": Object {
        "DestinationCidrBlock": "0.0.0.0/0",
        "GatewayId": Object {
          "Ref": "VpcStandardIGWDB693EAA",
        },
        "RouteTableId": Object {
          "Ref": "VpcStandardpublicSubnet2RouteTableD367FA3F",
        },
      },
      "Type": "AWS::EC2::Route",
    },
    "VpcStandardpublicSubnet2EIP93F31E94": Object {
      "Properties": Object {
        "Domain": "vpc",
        "Tags": Array [
          Object {
            "Key": "Name",
            "Value": "VpcStack/VpcStandard/publicSubnet2",
          },
        ],
      },
      "Type": "AWS::EC2::EIP",
    },
    "VpcStandardpublicSubnet2NATGateway6EC1566C": Object {
      "Properties": Object {
        "AllocationId": Object {
          "Fn::GetAtt": Array [
            "VpcStandardpublicSubnet2EIP93F31E94",
            "AllocationId",
          ],
        },
        "SubnetId": Object {
          "Ref": "VpcStandardpublicSubnet2Subnet42CBD72F",
        },
        "Tags": Array [
          Object {
            "Key": "Name",
            "Value": "VpcStack/VpcStandard/publicSubnet2",
          },
        ],
      },
      "Type": "AWS::EC2::NatGateway",
    },
    "VpcStandardpublicSubnet2RouteTableAssociation3662BF44": Object {
      "Properties": Object {
        "RouteTableId": Object {
          "Ref": "VpcStandardpublicSubnet2RouteTableD367FA3F",
        },
        "SubnetId": Object {
          "Ref": "VpcStandardpublicSubnet2Subnet42CBD72F",
        },
      },
      "Type": "AWS::EC2::SubnetRouteTableAssociation",
    },
    "VpcStandardpublicSubnet2RouteTableD367FA3F": Object {
      "Properties": Object {
        "Tags": Array [
          Object {
            "Key": "Name",
            "Value": "VpcStack/VpcStandard/publicSubnet2",
          },
        ],
        "VpcId": Object {
          "Ref": "VpcStandardB3B9526E",
        },
      },
      "Type": "AWS::EC2::RouteTable",
    },
    "VpcStandardpublicSubnet2Subnet42CBD72F": Object {
      "Properties": Object {
        "AvailabilityZone": Object {
          "Fn::Select": Array [
            1,
            Object {
              "Fn::GetAZs": "",
            },
          ],
        },
        "CidrBlock": "172.16.1.0/24",
        "MapPublicIpOnLaunch": true,
        "Tags": Array [
          Object {
            "Key": "Name",
            "Value": "VpcStack/VpcStandard/publicSubnet2",
          },
          Object {
            "Key": "aws-cdk:subnet-name",
            "Value": "public",
          },
          Object {
            "Key": "aws-cdk:subnet-type",
            "Value": "Public",
          },
        ],
        "VpcId": Object {
          "Ref": "VpcStandardB3B9526E",
        },
      },
      "Type": "AWS::EC2::Subnet",
    },
  },
}
`;
